[dotenv@17.2.4] injecting env (4) from .env -- tip: ≡ƒôí add observability to secrets: https://dotenvx.com/ops
Testing Gemini with API Key: EXISTS
Sending to Gemini: {
  datasetName: 'test.csv',
  problemType: 'classification',
  bestModel: 'Random Forest',
  accuracy: 0.95
}
Gemini ERROR: [GoogleGenerativeAI Error]: Error fetching from https://generativelanguage.googleapis.com/v1beta/models/gemini-1.5-flash:generateContent: [404 Not Found] models/gemini-1.5-flash is not found for API version v1beta, or is not supported for generateContent. Call ListModels to see the list of available models and their supported methods.
--- INSIGHTS ---
No insights available
----------------
